before training: sampled latent rho on 24 of the 200 training utterances = +0.0003
holdout: 32 utterances never trained on (rho before = -0.0000)
schedule: 8000 steps with 400 warmup at lr 0.0005
   {'step': 0, 'trainable_params': 16210670.0, 'total_params': 21243688.0, 'frozen': 'autoencoder'}
   {'flow': 2.6764, 'length': 1.1887, 't_latent': 160.0, 'tc': 26.0, 'plan': 0.8023, 'loss': 3.8651, 'lr': 0.0, 'step': 50}
   {'flow': 1.4984, 'length': 0.0007, 't_latent': 160.0, 'tc': 26.0, 'plan': 0.2616, 'loss': 1.4991, 'lr': 0.0001, 'step': 100}
   {'flow': 1.2002, 'length': 0.0001, 't_latent': 160.0, 'tc': 26.0, 'plan': 0.2524, 'loss': 1.2003, 'lr': 0.0002, 'step': 150}
   {'flow': 1.0654, 'length': 0.0, 't_latent': 160.0, 'tc': 26.0, 'plan': 0.2517, 'loss': 1.0655, 'lr': 0.0002, 'step': 200}
   {'flow': 0.9801, 'length': 0.0002, 't_latent': 160.0, 'tc': 26.0, 'plan': 0.2454, 'loss': 0.9802, 'lr': 0.0003, 'step': 250}
   {'flow': 0.9165, 'length': 0.0004, 't_latent': 160.0, 'tc': 26.0, 'plan': 0.2405, 'loss': 0.9168, 'lr': 0.0003, 'step': 300}
   {'flow': 0.864, 'length': 0.0012, 't_latent': 160.0, 'tc': 26.0, 'plan': 0.2398, 'loss': 0.8652, 'lr': 0.0004, 'step': 350}
   {'flow': 0.8224, 'length': 0.001, 't_latent': 160.0, 'tc': 26.0, 'plan': 0.2367, 'loss': 0.8234, 'lr': 0.0005, 'step': 400}
   {'flow': 0.7831, 'length': 0.0013, 't_latent': 160.0, 'tc': 26.0, 'plan': 0.238, 'loss': 0.7843, 'lr': 0.0005, 'step': 450}
   {'flow': 0.751, 'length': 0.0004, 't_latent': 160.0, 'tc': 26.0, 'plan': 0.2348, 'loss': 0.7515, 'lr': 0.0005, 'step': 500}
   {'flow': 0.7251, 'length': 0.0005, 't_latent': 160.0, 'tc': 26.0, 'plan': 0.236, 'loss': 0.7256, 'lr': 0.0005, 'step': 550}
   {'flow': 0.7069, 'length': 0.0005, 't_latent': 160.0, 'tc': 26.0, 'plan': 0.2354, 'loss': 0.7074, 'lr': 0.0005, 'step': 600}
   {'flow': 0.6811, 'length': 0.0003, 't_latent': 160.0, 'tc': 26.0, 'plan': 0.2307, 'loss': 0.6815, 'lr': 0.0005, 'step': 650}
   {'flow': 0.6675, 'length': 0.0006, 't_latent': 160.0, 'tc': 26.0, 'plan': 0.2304, 'loss': 0.6681, 'lr': 0.0005, 'step': 700}
   {'flow': 0.6548, 'length': 0.0002, 't_latent': 160.0, 'tc': 26.0, 'plan': 0.2295, 'loss': 0.6549, 'lr': 0.0005, 'step': 750}
   {'flow': 0.6436, 'length': 0.0004, 't_latent': 160.0, 'tc': 26.0, 'plan': 0.2305, 'loss': 0.644, 'lr': 0.0005, 'step': 800}
   {'flow': 0.6343, 'length': 0.0002, 't_latent': 160.0, 'tc': 26.0, 'plan': 0.2271, 'loss': 0.6345, 'lr': 0.0005, 'step': 850}
   {'flow': 0.631, 'length': 0.0001, 't_latent': 160.0, 'tc': 26.0, 'plan': 0.2248, 'loss': 0.6311, 'lr': 0.0005, 'step': 900}
   {'flow': 0.6206, 'length': 0.0001, 't_latent': 160.0, 'tc': 26.0, 'plan': 0.2212, 'loss': 0.6207, 'lr': 0.0005, 'step': 950}
   {'flow': 0.6114, 'length': 0.0003, 't_latent': 160.0, 'tc': 26.0, 'plan': 0.2221, 'loss': 0.6118, 'lr': 0.0005, 'step': 1000}
   {'flow': 0.606, 'length': 0.0001, 't_latent': 160.0, 'tc': 26.0, 'plan': 0.2236, 'loss': 0.6061, 'lr': 0.0005, 'step': 1050}
   {'flow': 0.5957, 'length': 0.0001, 't_latent': 160.0, 'tc': 26.0, 'plan': 0.2201, 'loss': 0.5958, 'lr': 0.0005, 'step': 1100}
   {'flow': 0.5819, 'length': 0.0002, 't_latent': 160.0, 'tc': 26.0, 'plan': 0.2174, 'loss': 0.5821, 'lr': 0.0005, 'step': 1150}
   {'flow': 0.5938, 'length': 0.0001, 't_latent': 160.0, 'tc': 26.0, 'plan': 0.2168, 'loss': 0.5939, 'lr': 0.0005, 'step': 1200}
   {'flow': 0.5854, 'length': 0.0001, 't_latent': 160.0, 'tc': 26.0, 'plan': 0.2165, 'loss': 0.5855, 'lr': 0.0005, 'step': 1250}
   {'flow': 0.567, 'length': 0.0003, 't_latent': 160.0, 'tc': 26.0, 'plan': 0.2085, 'loss': 0.5673, 'lr': 0.0005, 'step': 1300}
   {'flow': 0.5696, 'length': 0.0, 't_latent': 160.0, 'tc': 26.0, 'plan': 0.2117, 'loss': 0.5696, 'lr': 0.0005, 'step': 1350}
   {'flow': 0.5674, 'length': 0.0, 't_latent': 160.0, 'tc': 26.0, 'plan': 0.2119, 'loss': 0.5674, 'lr': 0.0005, 'step': 1400}
   {'flow': 0.5665, 'length': 0.0, 't_latent': 160.0, 'tc': 26.0, 'plan': 0.2118, 'loss': 0.5665, 'lr': 0.0005, 'step': 1450}
   {'flow': 0.5574, 'length': 0.0001, 't_latent': 160.0, 'tc': 26.0, 'plan': 0.2063, 'loss': 0.5575, 'lr': 0.0005, 'step': 1500}
   {'flow': 0.5612, 'length': 0.0, 't_latent': 160.0, 'tc': 26.0, 'plan': 0.2075, 'loss': 0.5612, 'lr': 0.0005, 'step': 1550}
   {'flow': 0.5521, 'length': 0.0, 't_latent': 160.0, 'tc': 26.0, 'plan': 0.2039, 'loss': 0.5521, 'lr': 0.0005, 'step': 1600}
   {'flow': 0.5467, 'length': 0.0001, 't_latent': 160.0, 'tc': 26.0, 'plan': 0.1993, 'loss': 0.5468, 'lr': 0.0005, 'step': 1650}
   {'flow': 0.5377, 'length': 0.0, 't_latent': 160.0, 'tc': 26.0, 'plan': 0.1973, 'loss': 0.5377, 'lr': 0.0005, 'step': 1700}
   {'flow': 0.5378, 'length': 0.0001, 't_latent': 160.0, 'tc': 26.0, 'plan': 0.197, 'loss': 0.5379, 'lr': 0.0005, 'step': 1750}
   {'flow': 0.5314, 'length': 0.0, 't_latent': 160.0, 'tc': 26.0, 'plan': 0.1943, 'loss': 0.5314, 'lr': 0.0005, 'step': 1800}
   {'flow': 0.525, 'length': 0.0, 't_latent': 160.0, 'tc': 26.0, 'plan': 0.1924, 'loss': 0.5251, 'lr': 0.0005, 'step': 1850}
   {'flow': 0.5254, 'length': 0.0, 't_latent': 160.0, 'tc': 26.0, 'plan': 0.1897, 'loss': 0.5254, 'lr': 0.0005, 'step': 1900}
   {'flow': 0.5166, 'length': 0.0001, 't_latent': 160.0, 'tc': 26.0, 'plan': 0.1898, 'loss': 0.5167, 'lr': 0.0005, 'step': 1950}
   {'flow': 0.5164, 'length': 0.0, 't_latent': 160.0, 'tc': 26.0, 'plan': 0.1868, 'loss': 0.5164, 'lr': 0.0005, 'step': 2000}
   {'flow': 0.513, 'length': 0.0001, 't_latent': 160.0, 'tc': 26.0, 'plan': 0.1791, 'loss': 0.5131, 'lr': 0.0004, 'step': 2050}
   {'flow': 0.5104, 'length': 0.0, 't_latent': 160.0, 'tc': 26.0, 'plan': 0.177, 'loss': 0.5104, 'lr': 0.0004, 'step': 2100}
   {'flow': 0.4981, 'length': 0.0, 't_latent': 160.0, 'tc': 26.0, 'plan': 0.1771, 'loss': 0.4981, 'lr': 0.0004, 'step': 2150}
   {'flow': 0.501, 'length': 0.0, 't_latent': 160.0, 'tc': 26.0, 'plan': 0.1795, 'loss': 0.5011, 'lr': 0.0004, 'step': 2200}
   {'flow': 0.4974, 'length': 0.0001, 't_latent': 160.0, 'tc': 26.0, 'plan': 0.1744, 'loss': 0.4975, 'lr': 0.0004, 'step': 2250}
   {'flow': 0.4925, 'length': 0.0, 't_latent': 160.0, 'tc': 26.0, 'plan': 0.1717, 'loss': 0.4925, 'lr': 0.0004, 'step': 2300}
   {'flow': 0.4832, 'length': 0.0, 't_latent': 160.0, 'tc': 26.0, 'plan': 0.1707, 'loss': 0.4832, 'lr': 0.0004, 'step': 2350}
   {'flow': 0.4814, 'length': 0.0, 't_latent': 160.0, 'tc': 26.0, 'plan': 0.1661, 'loss': 0.4815, 'lr': 0.0004, 'step': 2400}
   {'flow': 0.4814, 'length': 0.0, 't_latent': 160.0, 'tc': 26.0, 'plan': 0.1641, 'loss': 0.4815, 'lr': 0.0004, 'step': 2450}
   {'flow': 0.4727, 'length': 0.0, 't_latent': 160.0, 'tc': 26.0, 'plan': 0.159, 'loss': 0.4728, 'lr': 0.0004, 'step': 2500}
   {'flow': 0.4772, 'length': 0.0, 't_latent': 160.0, 'tc': 26.0, 'plan': 0.1602, 'loss': 0.4773, 'lr': 0.0004, 'step': 2550}
   {'flow': 0.4716, 'length': 0.0, 't_latent': 160.0, 'tc': 26.0, 'plan': 0.159, 'loss': 0.4717, 'lr': 0.0004, 'step': 2600}
   {'flow': 0.468, 'length': 0.0, 't_latent': 160.0, 'tc': 26.0, 'plan': 0.1567, 'loss': 0.468, 'lr': 0.0004, 'step': 2650}
   {'flow': 0.4679, 'length': 0.0001, 't_latent': 160.0, 'tc': 26.0, 'plan': 0.1521, 'loss': 0.4679, 'lr': 0.0004, 'step': 2700}
