before training: sampled latent rho on 24 of the 1175 training utterances = -0.0023
holdout: 32 utterances never trained on (rho before = +0.0042)
schedule: 200000 steps with 1000 warmup at lr 0.0005
   {'step': 0, 'trainable_params': 16210670.0, 'total_params': 21243688.0, 'frozen': 'autoencoder'}
   {'flow': 3.062, 'length': 1.7354, 't_latent': 160.0, 'tc': 26.0, 'plan': 0.9097, 'loss': 4.7974, 'lr': 0.0, 'step': 50}
   {'flow': 1.8442, 'length': 0.204, 't_latent': 160.0, 'tc': 26.0, 'plan': 0.4401, 'loss': 2.0482, 'lr': 0.0, 'step': 100}
   {'flow': 1.4036, 'length': 0.0001, 't_latent': 160.0, 'tc': 26.0, 'plan': 0.2427, 'loss': 1.4037, 'lr': 0.0001, 'step': 150}
   {'flow': 1.1854, 'length': 0.0001, 't_latent': 160.0, 'tc': 26.0, 'plan': 0.237, 'loss': 1.1856, 'lr': 0.0001, 'step': 200}
   {'flow': 1.0741, 'length': 0.0, 't_latent': 160.0, 'tc': 26.0, 'plan': 0.2387, 'loss': 1.0742, 'lr': 0.0001, 'step': 250}
   {'flow': 0.9968, 'length': 0.0, 't_latent': 160.0, 'tc': 26.0, 'plan': 0.2345, 'loss': 0.9968, 'lr': 0.0001, 'step': 300}
   {'flow': 0.944, 'length': 0.0, 't_latent': 160.0, 'tc': 26.0, 'plan': 0.2323, 'loss': 0.9441, 'lr': 0.0002, 'step': 350}
   {'flow': 0.903, 'length': 0.0001, 't_latent': 160.0, 'tc': 26.0, 'plan': 0.232, 'loss': 0.9031, 'lr': 0.0002, 'step': 400}
   {'flow': 0.8639, 'length': 0.0001, 't_latent': 160.0, 'tc': 26.0, 'plan': 0.2279, 'loss': 0.864, 'lr': 0.0002, 'step': 450}
   {'flow': 0.8297, 'length': 0.0001, 't_latent': 160.0, 'tc': 26.0, 'plan': 0.2273, 'loss': 0.8298, 'lr': 0.0002, 'step': 500}
   {'flow': 0.801, 'length': 0.0006, 't_latent': 160.0, 'tc': 26.0, 'plan': 0.2255, 'loss': 0.8016, 'lr': 0.0003, 'step': 550}
   {'flow': 0.7839, 'length': 0.0003, 't_latent': 160.0, 'tc': 26.0, 'plan': 0.2284, 'loss': 0.7842, 'lr': 0.0003, 'step': 600}
   {'flow': 0.7574, 'length': 0.0009, 't_latent': 160.0, 'tc': 26.0, 'plan': 0.2292, 'loss': 0.7583, 'lr': 0.0003, 'step': 650}
   {'flow': 0.7359, 'length': 0.0002, 't_latent': 160.0, 'tc': 26.0, 'plan': 0.2227, 'loss': 0.7361, 'lr': 0.0003, 'step': 700}
   {'flow': 0.7185, 'length': 0.0005, 't_latent': 160.0, 'tc': 26.0, 'plan': 0.2189, 'loss': 0.719, 'lr': 0.0004, 'step': 750}
   {'flow': 0.7076, 'length': 0.0004, 't_latent': 160.0, 'tc': 26.0, 'plan': 0.2211, 'loss': 0.708, 'lr': 0.0004, 'step': 800}
