plan mode: RESIDUAL (the field models x1 - upsample(plan))
before training: sampled latent rho on 24 of the 200 training utterances = +0.0001
holdout: 32 utterances never trained on (rho before = -0.0022)
schedule: 8000 steps with 400 warmup at lr 0.0005
   {'step': 0, 'trainable_params': 16210670.0, 'total_params': 21243688.0, 'frozen': 'autoencoder'}
   {'flow': 2.5585, 'length': 1.1754, 't_latent': 160.0, 'tc': 26.0, 'plan': 0.7551, 'loss': 3.7339, 'lr': 0.0, 'step': 50}
   {'flow': 1.5278, 'length': 0.0009, 't_latent': 160.0, 'tc': 26.0, 'plan': 0.2668, 'loss': 1.5286, 'lr': 0.0001, 'step': 100}
   {'flow': 1.2138, 'length': 0.0, 't_latent': 160.0, 'tc': 26.0, 'plan': 0.2543, 'loss': 1.2139, 'lr': 0.0002, 'step': 150}
   {'flow': 1.0707, 'length': 0.0, 't_latent': 160.0, 'tc': 26.0, 'plan': 0.2526, 'loss': 1.0707, 'lr': 0.0002, 'step': 200}
   {'flow': 0.9783, 'length': 0.0002, 't_latent': 160.0, 'tc': 26.0, 'plan': 0.246, 'loss': 0.9784, 'lr': 0.0003, 'step': 250}
   {'flow': 0.9108, 'length': 0.0003, 't_latent': 160.0, 'tc': 26.0, 'plan': 0.2424, 'loss': 0.911, 'lr': 0.0003, 'step': 300}
   {'flow': 0.8539, 'length': 0.0014, 't_latent': 160.0, 'tc': 26.0, 'plan': 0.2424, 'loss': 0.8553, 'lr': 0.0004, 'step': 350}
   {'flow': 0.8196, 'length': 0.0035, 't_latent': 160.0, 'tc': 26.0, 'plan': 0.2401, 'loss': 0.8231, 'lr': 0.0005, 'step': 400}
   {'flow': 0.7824, 'length': 0.0001, 't_latent': 160.0, 'tc': 26.0, 'plan': 0.2409, 'loss': 0.7825, 'lr': 0.0005, 'step': 450}
   {'flow': 0.7582, 'length': 0.0001, 't_latent': 160.0, 'tc': 26.0, 'plan': 0.2383, 'loss': 0.7584, 'lr': 0.0005, 'step': 500}
   {'flow': 0.7339, 'length': 0.0007, 't_latent': 160.0, 'tc': 26.0, 'plan': 0.2391, 'loss': 0.7346, 'lr': 0.0005, 'step': 550}
   {'flow': 0.7207, 'length': 0.0001, 't_latent': 160.0, 'tc': 26.0, 'plan': 0.2378, 'loss': 0.7209, 'lr': 0.0005, 'step': 600}
   {'flow': 0.6929, 'length': 0.0004, 't_latent': 160.0, 'tc': 26.0, 'plan': 0.2328, 'loss': 0.6932, 'lr': 0.0005, 'step': 650}
   {'flow': 0.6804, 'length': 0.0003, 't_latent': 160.0, 'tc': 26.0, 'plan': 0.2326, 'loss': 0.6807, 'lr': 0.0005, 'step': 700}
   {'flow': 0.6687, 'length': 0.0001, 't_latent': 160.0, 'tc': 26.0, 'plan': 0.2326, 'loss': 0.6688, 'lr': 0.0005, 'step': 750}
   {'flow': 0.6595, 'length': 0.0002, 't_latent': 160.0, 'tc': 26.0, 'plan': 0.2336, 'loss': 0.6597, 'lr': 0.0005, 'step': 800}
   {'flow': 0.6488, 'length': 0.0002, 't_latent': 160.0, 'tc': 26.0, 'plan': 0.2301, 'loss': 0.649, 'lr': 0.0005, 'step': 850}
   {'flow': 0.6436, 'length': 0.0, 't_latent': 160.0, 'tc': 26.0, 'plan': 0.228, 'loss': 0.6436, 'lr': 0.0005, 'step': 900}
   {'flow': 0.6381, 'length': 0.0001, 't_latent': 160.0, 'tc': 26.0, 'plan': 0.2244, 'loss': 0.6382, 'lr': 0.0005, 'step': 950}
   {'flow': 0.631, 'length': 0.0001, 't_latent': 160.0, 'tc': 26.0, 'plan': 0.2266, 'loss': 0.6311, 'lr': 0.0005, 'step': 1000}
