[train] override text.dim = 512
[train] override text.n_layers = 6
[train] override flow.text_dim = 512
[train] override flow.cond_dim = 512
[train] override train.save_every = 5000
[train] n_voices 1 -> 12 (from the cache's voice names)
[train] latent_rate 1 -> 3 (from the cache's latent_token width)
[train] latent normaliser loaded from runs\mixed_v2\latent_cache
[train] warm start from runs\text_long\distill-text_step5000.pt at step 5000 (EMA weights, 0 missing / 0 unexpected keys); optimizer and schedule start fresh
stage=distill-text variant=tiny params=27.674M
[train] latent head scale: predicted std 0.9978 -> target 0.9113 (x0.91); after calibration 0.9113
step        0 step=0 trainable_params=22640675.0000 total_params=27673693.0000 frozen=autoencoder
step       50 duration=0.0523 f0=0.0815 energy=0.0899 latent=0.1063 loss=0.3299 lr=0.0000 step=50
step      100 duration=0.0461 f0=0.0801 energy=0.0870 latent=0.1002 loss=0.3134 lr=0.0000 step=100
step      150 duration=0.0466 f0=0.0819 energy=0.0908 latent=0.1011 loss=0.3203 lr=0.0000 step=150
step      200 duration=0.0425 f0=0.0815 energy=0.0898 latent=0.0988 loss=0.3127 lr=0.0000 step=200
step      250 duration=0.0470 f0=0.0814 energy=0.0891 latent=0.0997 loss=0.3172 lr=0.0000 step=250
step      300 duration=0.0486 f0=0.0832 energy=0.0921 latent=0.1003 loss=0.3242 lr=0.0001 step=300
step      350 duration=0.0537 f0=0.0833 energy=0.0910 latent=0.0987 loss=0.3267 lr=0.0001 step=350
step      400 duration=0.0604 f0=0.0821 energy=0.0895 latent=0.0987 loss=0.3307 lr=0.0001 step=400
step      450 duration=0.0634 f0=0.0849 energy=0.0955 latent=0.1000 loss=0.3437 lr=0.0001 step=450
step      500 duration=0.0716 f0=0.0833 energy=0.0913 latent=0.0982 loss=0.3444 lr=0.0001 step=500
step      550 duration=0.0723 f0=0.0853 energy=0.0923 latent=0.0969 loss=0.3468 lr=0.0001 step=550
step      600 duration=0.0791 f0=0.0868 energy=0.0961 latent=0.1000 loss=0.3620 lr=0.0001 step=600
step      650 duration=0.0873 f0=0.0850 energy=0.0942 latent=0.0977 loss=0.3642 lr=0.0001 step=650
step      700 duration=0.0915 f0=0.0863 energy=0.0940 latent=0.0972 loss=0.3690 lr=0.0001 step=700
step      750 duration=0.0942 f0=0.0892 energy=0.0965 latent=0.0995 loss=0.3794 lr=0.0001 step=750
step      800 duration=0.1021 f0=0.0880 energy=0.0958 latent=0.0971 loss=0.3830 lr=0.0002 step=800
step      850 duration=0.1078 f0=0.0869 energy=0.0979 latent=0.0998 loss=0.3924 lr=0.0002 step=850
step      900 duration=0.1133 f0=0.0882 energy=0.0962 latent=0.1004 loss=0.3981 lr=0.0002 step=900
step      950 duration=0.1168 f0=0.0881 energy=0.0969 latent=0.0999 loss=0.4018 lr=0.0002 step=950
step     1000 duration=0.1159 f0=0.0900 energy=0.0972 latent=0.0979 loss=0.4011 lr=0.0002 step=1000
step     1050 duration=0.1178 f0=0.0906 energy=0.1005 latent=0.1013 loss=0.4101 lr=0.0002 step=1050
step     1100 duration=0.1327 f0=0.0903 energy=0.0977 latent=0.0997 loss=0.4204 lr=0.0002 step=1100
step     1150 duration=0.1309 f0=0.0902 energy=0.0981 latent=0.1007 loss=0.4199 lr=0.0002 step=1150
step     1200 duration=0.1239 f0=0.0902 energy=0.0997 latent=0.0993 loss=0.4130 lr=0.0002 step=1200
step     1250 duration=0.1246 f0=0.0892 energy=0.0971 latent=0.0953 loss=0.4061 lr=0.0002 step=1250
step     1300 duration=0.1251 f0=0.0896 energy=0.0979 latent=0.0958 loss=0.4084 lr=0.0002 step=1300
step     1350 duration=0.1204 f0=0.0898 energy=0.0983 latent=0.0971 loss=0.4056 lr=0.0002 step=1350
step     1400 duration=0.1225 f0=0.0905 energy=0.0976 latent=0.0935 loss=0.4041 lr=0.0002 step=1400
step     1450 duration=0.1216 f0=0.0890 energy=0.0979 latent=0.0944 loss=0.4028 lr=0.0002 step=1450
step     1500 duration=0.1245 f0=0.0882 energy=0.0991 latent=0.0946 loss=0.4064 lr=0.0002 step=1500
step     1550 duration=0.1220 f0=0.0891 energy=0.0981 latent=0.0931 loss=0.4023 lr=0.0002 step=1550
step     1600 duration=0.1199 f0=0.0896 energy=0.0980 latent=0.0912 loss=0.3987 lr=0.0002 step=1600
step     1650 duration=0.1145 f0=0.0908 energy=0.0976 latent=0.0907 loss=0.3935 lr=0.0002 step=1650
step     1700 duration=0.1161 f0=0.0882 energy=0.0969 latent=0.0891 loss=0.3904 lr=0.0002 step=1700
step     1750 duration=0.1163 f0=0.0890 energy=0.0970 latent=0.0889 loss=0.3911 lr=0.0002 step=1750
step     1800 duration=0.1166 f0=0.0895 energy=0.0996 latent=0.0900 loss=0.3956 lr=0.0002 step=1800
step     1850 duration=0.1166 f0=0.0887 energy=0.0958 latent=0.0848 loss=0.3860 lr=0.0002 step=1850
step     1900 duration=0.1132 f0=0.0873 energy=0.0979 latent=0.0884 loss=0.3868 lr=0.0002 step=1900
step     1950 duration=0.1153 f0=0.0910 energy=0.0987 latent=0.0865 loss=0.3915 lr=0.0002 step=1950
step     2000 duration=0.1177 f0=0.0894 energy=0.0961 latent=0.0843 loss=0.3876 lr=0.0002 step=2000
step     2050 duration=0.1120 f0=0.0887 energy=0.0973 latent=0.0861 loss=0.3840 lr=0.0002 step=2050
step     2100 duration=0.1164 f0=0.0899 energy=0.0981 latent=0.0862 loss=0.3906 lr=0.0002 step=2100
step     2150 duration=0.1113 f0=0.0885 energy=0.0960 latent=0.0815 loss=0.3773 lr=0.0002 step=2150
step     2200 duration=0.1117 f0=0.0893 energy=0.0979 latent=0.0830 loss=0.3820 lr=0.0002 step=2200
step     2250 duration=0.1117 f0=0.0886 energy=0.0971 latent=0.0832 loss=0.3806 lr=0.0002 step=2250
step     2300 duration=0.1107 f0=0.0868 energy=0.0966 latent=0.0798 loss=0.3739 lr=0.0002 step=2300
step     2350 duration=0.1104 f0=0.0883 energy=0.0980 latent=0.0796 loss=0.3764 lr=0.0002 step=2350
step     2400 duration=0.1073 f0=0.0879 energy=0.0975 latent=0.0818 loss=0.3745 lr=0.0002 step=2400
step     2450 duration=0.1123 f0=0.0881 energy=0.0972 latent=0.0796 loss=0.3771 lr=0.0002 step=2450
step     2500 duration=0.1140 f0=0.0859 energy=0.0961 latent=0.0794 loss=0.3754 lr=0.0002 step=2500
step     2550 duration=0.1064 f0=0.0906 energy=0.0975 latent=0.0786 loss=0.3732 lr=0.0002 step=2550
step     2600 duration=0.1131 f0=0.0871 energy=0.0960 latent=0.0768 loss=0.3730 lr=0.0002 step=2600
step     2650 duration=0.1076 f0=0.0882 energy=0.0964 latent=0.0775 loss=0.3697 lr=0.0002 step=2650
step     2700 duration=0.1030 f0=0.0895 energy=0.0969 latent=0.0775 loss=0.3670 lr=0.0002 step=2700
step     2750 duration=0.1053 f0=0.0876 energy=0.0954 latent=0.0743 loss=0.3625 lr=0.0002 step=2750
step     2800 duration=0.1088 f0=0.0891 energy=0.0985 latent=0.0757 loss=0.3721 lr=0.0002 step=2800
step     2850 duration=0.1022 f0=0.0871 energy=0.0971 latent=0.0755 loss=0.3619 lr=0.0002 step=2850
step     2900 duration=0.1057 f0=0.0871 energy=0.0964 latent=0.0737 loss=0.3629 lr=0.0002 step=2900
step     2950 duration=0.1071 f0=0.0866 energy=0.0946 latent=0.0735 loss=0.3618 lr=0.0002 step=2950
step     3000 duration=0.1024 f0=0.0893 energy=0.0980 latent=0.0743 loss=0.3640 lr=0.0002 step=3000
step     3050 duration=0.1016 f0=0.0867 energy=0.0963 latent=0.0720 loss=0.3566 lr=0.0002 step=3050
step     3100 duration=0.1002 f0=0.0868 energy=0.0950 latent=0.0710 loss=0.3529 lr=0.0002 step=3100
step     3150 duration=0.1010 f0=0.0883 energy=0.0974 latent=0.0723 loss=0.3590 lr=0.0002 step=3150
step     3200 duration=0.1039 f0=0.0862 energy=0.0938 latent=0.0693 loss=0.3531 lr=0.0002 step=3200
step     3250 duration=0.0969 f0=0.0868 energy=0.0965 latent=0.0692 loss=0.3493 lr=0.0002 step=3250
step     3300 duration=0.1007 f0=0.0891 energy=0.0983 latent=0.0722 loss=0.3603 lr=0.0002 step=3300
step     3350 duration=0.1092 f0=0.0870 energy=0.0949 latent=0.0693 loss=0.3603 lr=0.0002 step=3350
step     3400 duration=0.1043 f0=0.0871 energy=0.0950 latent=0.0681 loss=0.3545 lr=0.0002 step=3400
step     3450 duration=0.0926 f0=0.0871 energy=0.0962 latent=0.0678 loss=0.3438 lr=0.0002 step=3450
step     3500 duration=0.0982 f0=0.0880 energy=0.0966 latent=0.0672 loss=0.3501 lr=0.0002 step=3500
step     3550 duration=0.0997 f0=0.0861 energy=0.0944 latent=0.0675 loss=0.3478 lr=0.0002 step=3550
step     3600 duration=0.1021 f0=0.0875 energy=0.0965 latent=0.0681 loss=0.3543 lr=0.0002 step=3600
step     3650 duration=0.1004 f0=0.0864 energy=0.0957 latent=0.0652 loss=0.3477 lr=0.0002 step=3650
step     3700 duration=0.0960 f0=0.0871 energy=0.0939 latent=0.0654 loss=0.3424 lr=0.0002 step=3700
step     3750 duration=0.0950 f0=0.0873 energy=0.0960 latent=0.0668 loss=0.3451 lr=0.0002 step=3750
step     3800 duration=0.0987 f0=0.0865 energy=0.0951 latent=0.0656 loss=0.3460 lr=0.0002 step=3800
step     3850 duration=0.0994 f0=0.0861 energy=0.0961 latent=0.0640 loss=0.3455 lr=0.0002 step=3850
step     3900 duration=0.0962 f0=0.0884 energy=0.0952 latent=0.0641 loss=0.3438 lr=0.0002 step=3900
step     3950 duration=0.0981 f0=0.0853 energy=0.0947 latent=0.0624 loss=0.3405 lr=0.0002 step=3950
step     4000 duration=0.0977 f0=0.0872 energy=0.0971 latent=0.0648 loss=0.3467 lr=0.0002 step=4000
step     4050 duration=0.0934 f0=0.0869 energy=0.0950 latent=0.0632 loss=0.3385 lr=0.0002 step=4050
step     4100 duration=0.0997 f0=0.0863 energy=0.0938 latent=0.0623 loss=0.3420 lr=0.0002 step=4100
step     4150 duration=0.0946 f0=0.0847 energy=0.0959 latent=0.0620 loss=0.3372 lr=0.0002 step=4150
step     4200 duration=0.0948 f0=0.0883 energy=0.0967 latent=0.0627 loss=0.3425 lr=0.0002 step=4200
step     4250 duration=0.0967 f0=0.0863 energy=0.0953 latent=0.0618 loss=0.3401 lr=0.0002 step=4250
step     4300 duration=0.0911 f0=0.0854 energy=0.0931 latent=0.0593 loss=0.3289 lr=0.0002 step=4300
step     4350 duration=0.0923 f0=0.0872 energy=0.0956 latent=0.0601 loss=0.3352 lr=0.0002 step=4350
step     4400 duration=0.0909 f0=0.0864 energy=0.0947 latent=0.0590 loss=0.3309 lr=0.0002 step=4400
step     4450 duration=0.0909 f0=0.0866 energy=0.0953 latent=0.0599 loss=0.3327 lr=0.0002 step=4450
step     4500 duration=0.0921 f0=0.0869 energy=0.0953 latent=0.0604 loss=0.3348 lr=0.0002 step=4500
step     4550 duration=0.0936 f0=0.0860 energy=0.0946 latent=0.0579 loss=0.3321 lr=0.0002 step=4550
step     4600 duration=0.0918 f0=0.0861 energy=0.0936 latent=0.0590 loss=0.3306 lr=0.0002 step=4600
step     4650 duration=0.0894 f0=0.0868 energy=0.0959 latent=0.0584 loss=0.3305 lr=0.0002 step=4650
step     4700 duration=0.0931 f0=0.0846 energy=0.0943 latent=0.0571 loss=0.3291 lr=0.0002 step=4700
step     4750 duration=0.0910 f0=0.0865 energy=0.0945 latent=0.0566 loss=0.3287 lr=0.0002 step=4750
step     4800 duration=0.0874 f0=0.0862 energy=0.0959 latent=0.0574 loss=0.3269 lr=0.0002 step=4800
step     4850 duration=0.0928 f0=0.0838 energy=0.0953 latent=0.0572 loss=0.3290 lr=0.0002 step=4850
step     4900 duration=0.0926 f0=0.0859 energy=0.0939 latent=0.0567 loss=0.3290 lr=0.0002 step=4900
step     4950 duration=0.0914 f0=0.0871 energy=0.0948 latent=0.0560 loss=0.3292 lr=0.0002 step=4950
step     5000 duration=0.0896 f0=0.0855 energy=0.0938 latent=0.0552 loss=0.3240 lr=0.0002 step=5000
step     5050 duration=0.0897 f0=0.0839 energy=0.0947 latent=0.0556 loss=0.3239 lr=0.0002 step=5050
step     5100 duration=0.0853 f0=0.0873 energy=0.0953 latent=0.0550 loss=0.3230 lr=0.0002 step=5100
step     5150 duration=0.0901 f0=0.0837 energy=0.0929 latent=0.0542 loss=0.3208 lr=0.0002 step=5150
step     5200 duration=0.0860 f0=0.0866 energy=0.0956 latent=0.0545 loss=0.3226 lr=0.0002 step=5200
step     5250 duration=0.0836 f0=0.0859 energy=0.0944 latent=0.0534 loss=0.3173 lr=0.0002 step=5250
step     5300 duration=0.0857 f0=0.0851 energy=0.0923 latent=0.0523 loss=0.3154 lr=0.0002 step=5300
step     5350 duration=0.0862 f0=0.0849 energy=0.0957 latent=0.0543 loss=0.3212 lr=0.0002 step=5350
step     5400 duration=0.0870 f0=0.0871 energy=0.0949 latent=0.0537 loss=0.3226 lr=0.0002 step=5400
step     5450 duration=0.0907 f0=0.0840 energy=0.0950 latent=0.0527 loss=0.3223 lr=0.0002 step=5450
step     5500 duration=0.0863 f0=0.0860 energy=0.0926 latent=0.0524 loss=0.3173 lr=0.0002 step=5500
step     5550 duration=0.0832 f0=0.0869 energy=0.0951 latent=0.0523 loss=0.3174 lr=0.0002 step=5550
step     5600 duration=0.0875 f0=0.0845 energy=0.0935 latent=0.0517 loss=0.3172 lr=0.0002 step=5600
step     5650 duration=0.0857 f0=0.0849 energy=0.0938 latent=0.0505 loss=0.3150 lr=0.0002 step=5650
step     5700 duration=0.0801 f0=0.0851 energy=0.0957 latent=0.0519 loss=0.3129 lr=0.0002 step=5700
step     5750 duration=0.0817 f0=0.0846 energy=0.0931 latent=0.0500 loss=0.3095 lr=0.0002 step=5750
step     5800 duration=0.0838 f0=0.0851 energy=0.0934 latent=0.0497 loss=0.3119 lr=0.0002 step=5800
step     5850 duration=0.0840 f0=0.0860 energy=0.0952 latent=0.0510 loss=0.3162 lr=0.0002 step=5850
step     5900 duration=0.0900 f0=0.0844 energy=0.0930 latent=0.0491 loss=0.3166 lr=0.0002 step=5900
step     5950 duration=0.0847 f0=0.0842 energy=0.0931 latent=0.0495 loss=0.3115 lr=0.0002 step=5950
step     6000 duration=0.0765 f0=0.0857 energy=0.0954 latent=0.0498 loss=0.3073 lr=0.0002 step=6000
step     6050 duration=0.0822 f0=0.0850 energy=0.0936 latent=0.0481 loss=0.3089 lr=0.0002 step=6050
step     6100 duration=0.0798 f0=0.0855 energy=0.0927 latent=0.0484 loss=0.3065 lr=0.0002 step=6100
step     6150 duration=0.0812 f0=0.0853 energy=0.0948 latent=0.0498 loss=0.3111 lr=0.0002 step=6150
step     6200 duration=0.0863 f0=0.0851 energy=0.0938 latent=0.0479 loss=0.3131 lr=0.0002 step=6200
step     6250 duration=0.0839 f0=0.0846 energy=0.0919 latent=0.0478 loss=0.3082 lr=0.0002 step=6250
step     6300 duration=0.0802 f0=0.0850 energy=0.0950 latent=0.0480 loss=0.3082 lr=0.0002 step=6300
step     6350 duration=0.0810 f0=0.0841 energy=0.0918 latent=0.0463 loss=0.3032 lr=0.0002 step=6350
step     6400 duration=0.0833 f0=0.0863 energy=0.0954 latent=0.0472 loss=0.3122 lr=0.0002 step=6400
step     6450 duration=0.0787 f0=0.0838 energy=0.0945 latent=0.0473 loss=0.3043 lr=0.0002 step=6450
step     6500 duration=0.0800 f0=0.0841 energy=0.0928 latent=0.0462 loss=0.3031 lr=0.0002 step=6500
step     6550 duration=0.0827 f0=0.0832 energy=0.0929 latent=0.0467 loss=0.3055 lr=0.0002 step=6550
step     6600 duration=0.0812 f0=0.0863 energy=0.0950 latent=0.0474 loss=0.3099 lr=0.0002 step=6600
step     6650 duration=0.0809 f0=0.0843 energy=0.0937 latent=0.0449 loss=0.3038 lr=0.0002 step=6650
step     6700 duration=0.0786 f0=0.0842 energy=0.0926 latent=0.0450 loss=0.3003 lr=0.0002 step=6700
step     6750 duration=0.0760 f0=0.0861 energy=0.0945 latent=0.0455 loss=0.3021 lr=0.0002 step=6750
step     6800 duration=0.0784 f0=0.0849 energy=0.0909 latent=0.0440 loss=0.2983 lr=0.0002 step=6800
